// Jest Snapshot v1, https://goo.gl/fbAQLP

exports[`renders a text 1`] = `
<div>
  <h1
    className="Text"
  >
    Welcome to your profile page 
    !
  </h1>
</div>
`;
